

================================================================
== Vivado HLS Report for 'Loop_0_proc'
================================================================
* Date:           Sun Jun  6 19:24:24 2021

* Version:        2019.1.3 (Build 2642998 on Wed Sep 04 10:25:22 MDT 2019)
* Project:        resnet50_0
* Solution:       solution1
* Product family: zynquplus
* Target device:  xczu19eg-ffvc1760-2-i


================================================================
== Performance Estimates
================================================================
+ Timing (ns): 
    * Summary: 
    +--------+-------+----------+------------+
    |  Clock | Target| Estimated| Uncertainty|
    +--------+-------+----------+------------+
    |ap_clk  |  10.00|     8.540|        1.25|
    +--------+-------+----------+------------+

+ Latency (clock cycles): 
    * Summary: 
    +-----+-----+-----+-----+---------+
    |  Latency  |  Interval | Pipeline|
    | min | max | min | max |   Type  |
    +-----+-----+-----+-----+---------+
    |   51|   51|   51|   51|   none  |
    +-----+-----+-----+-----+---------+

    + Detail: 
        * Instance: 
        N/A

        * Loop: 
        +----------+-----+-----+----------+-----------+-----------+------+----------+
        |          |  Latency  | Iteration|  Initiation Interval  | Trip |          |
        | Loop Name| min | max |  Latency |  achieved |   target  | Count| Pipelined|
        +----------+-----+-----+----------+-----------+-----------+------+----------+
        |- Loop 1  |   49|   49|         2|          1|          1|    49|    yes   |
        +----------+-----+-----+----------+-----------+-----------+------+----------+



================================================================
== Utilization Estimates
================================================================
* Summary: 
+-----------------+---------+-------+---------+--------+-----+
|       Name      | BRAM_18K| DSP48E|    FF   |   LUT  | URAM|
+-----------------+---------+-------+---------+--------+-----+
|DSP              |        -|    126|        -|       -|    -|
|Expression       |        -|      0|        0|    8969|    -|
|FIFO             |        -|      -|        -|       -|    -|
|Instance         |        -|      -|        -|       -|    -|
|Memory           |        0|      -|     1462|    1274|    -|
|Multiplexer      |        -|      -|        -|     657|    -|
|Register         |        -|      -|     1561|       -|    -|
+-----------------+---------+-------+---------+--------+-----+
|Total            |        0|    126|     3023|   10900|    0|
+-----------------+---------+-------+---------+--------+-----+
|Available        |     1968|   1968|  1045440|  522720|  128|
+-----------------+---------+-------+---------+--------+-----+
|Utilization (%)  |        0|      6|    ~0   |       2|    0|
+-----------------+---------+-------+---------+--------+-----+

+ Detail: 
    * Instance: 
    N/A

    * DSP48E: 
    +----------------------------------------------+-----------------------------------------+--------------+
    |                   Instance                   |                  Module                 |  Expression  |
    +----------------------------------------------+-----------------------------------------+--------------+
    |resnet50_0_mac_muladd_9s_4s_17ns_17_1_1_U31   |resnet50_0_mac_muladd_9s_4s_17ns_17_1_1  | i0 + i1 * i2 |
    |resnet50_0_mac_muladd_9s_6s_16ns_16_1_1_U25   |resnet50_0_mac_muladd_9s_6s_16ns_16_1_1  | i0 + i1 * i2 |
    |resnet50_0_mac_muladd_9s_6s_16ns_16_1_1_U29   |resnet50_0_mac_muladd_9s_6s_16ns_16_1_1  | i0 + i1 * i2 |
    |resnet50_0_mac_muladd_9s_6s_16ns_16_1_1_U35   |resnet50_0_mac_muladd_9s_6s_16ns_16_1_1  | i0 + i1 * i2 |
    |resnet50_0_mac_muladd_9s_6s_16ns_16_1_1_U63   |resnet50_0_mac_muladd_9s_6s_16ns_16_1_1  | i0 + i1 * i2 |
    |resnet50_0_mac_muladd_9s_6s_17ns_17_1_1_U40   |resnet50_0_mac_muladd_9s_6s_17ns_17_1_1  | i0 + i1 * i2 |
    |resnet50_0_mac_muladd_9s_6s_17ns_17_1_1_U52   |resnet50_0_mac_muladd_9s_6s_17ns_17_1_1  | i0 + i1 * i2 |
    |resnet50_0_mac_muladd_9s_6s_17ns_17_1_1_U66   |resnet50_0_mac_muladd_9s_6s_17ns_17_1_1  | i0 + i1 * i2 |
    |resnet50_0_mac_muladd_9s_6s_17ns_17_1_1_U73   |resnet50_0_mac_muladd_9s_6s_17ns_17_1_1  | i0 + i1 * i2 |
    |resnet50_0_mac_muladd_9s_6s_17ns_17_1_1_U85   |resnet50_0_mac_muladd_9s_6s_17ns_17_1_1  | i0 + i1 * i2 |
    |resnet50_0_mac_muladd_9s_6s_17ns_17_1_1_U89   |resnet50_0_mac_muladd_9s_6s_17ns_17_1_1  | i0 + i1 * i2 |
    |resnet50_0_mac_muladd_9s_7s_16ns_16_1_1_U83   |resnet50_0_mac_muladd_9s_7s_16ns_16_1_1  | i0 + i1 * i2 |
    |resnet50_0_mac_muladd_9s_7s_16ns_16_1_1_U127  |resnet50_0_mac_muladd_9s_7s_16ns_16_1_1  | i0 + i1 * i2 |
    |resnet50_0_mac_muladd_9s_7s_17ns_17_1_1_U4    |resnet50_0_mac_muladd_9s_7s_17ns_17_1_1  | i0 + i1 * i2 |
    |resnet50_0_mac_muladd_9s_7s_17ns_17_1_1_U7    |resnet50_0_mac_muladd_9s_7s_17ns_17_1_1  | i0 + i1 * i2 |
    |resnet50_0_mac_muladd_9s_7s_17ns_17_1_1_U10   |resnet50_0_mac_muladd_9s_7s_17ns_17_1_1  | i0 + i1 * i2 |
    |resnet50_0_mac_muladd_9s_7s_17ns_17_1_1_U37   |resnet50_0_mac_muladd_9s_7s_17ns_17_1_1  | i0 + i1 * i2 |
    |resnet50_0_mac_muladd_9s_7s_17ns_17_1_1_U45   |resnet50_0_mac_muladd_9s_7s_17ns_17_1_1  | i0 + i1 * i2 |
    |resnet50_0_mac_muladd_9s_7s_17ns_17_1_1_U49   |resnet50_0_mac_muladd_9s_7s_17ns_17_1_1  | i0 + i1 * i2 |
    |resnet50_0_mac_muladd_9s_7s_17ns_17_1_1_U51   |resnet50_0_mac_muladd_9s_7s_17ns_17_1_1  | i0 + i1 * i2 |
    |resnet50_0_mac_muladd_9s_7s_17ns_17_1_1_U60   |resnet50_0_mac_muladd_9s_7s_17ns_17_1_1  | i0 + i1 * i2 |
    |resnet50_0_mac_muladd_9s_7s_17ns_17_1_1_U65   |resnet50_0_mac_muladd_9s_7s_17ns_17_1_1  | i0 + i1 * i2 |
    |resnet50_0_mac_muladd_9s_7s_17ns_17_1_1_U71   |resnet50_0_mac_muladd_9s_7s_17ns_17_1_1  | i0 + i1 * i2 |
    |resnet50_0_mac_muladd_9s_7s_17ns_17_1_1_U77   |resnet50_0_mac_muladd_9s_7s_17ns_17_1_1  | i0 + i1 * i2 |
    |resnet50_0_mac_muladd_9s_7s_17ns_17_1_1_U87   |resnet50_0_mac_muladd_9s_7s_17ns_17_1_1  | i0 + i1 * i2 |
    |resnet50_0_mac_muladd_9s_7s_17ns_17_1_1_U93   |resnet50_0_mac_muladd_9s_7s_17ns_17_1_1  | i0 + i1 * i2 |
    |resnet50_0_mac_muladd_9s_7s_17ns_17_1_1_U97   |resnet50_0_mac_muladd_9s_7s_17ns_17_1_1  | i0 + i1 * i2 |
    |resnet50_0_mac_muladd_9s_7s_17ns_17_1_1_U103  |resnet50_0_mac_muladd_9s_7s_17ns_17_1_1  | i0 + i1 * i2 |
    |resnet50_0_mac_muladd_9s_7s_17ns_17_1_1_U105  |resnet50_0_mac_muladd_9s_7s_17ns_17_1_1  | i0 + i1 * i2 |
    |resnet50_0_mac_muladd_9s_7s_17ns_17_1_1_U109  |resnet50_0_mac_muladd_9s_7s_17ns_17_1_1  | i0 + i1 * i2 |
    |resnet50_0_mac_muladd_9s_7s_17ns_17_1_1_U113  |resnet50_0_mac_muladd_9s_7s_17ns_17_1_1  | i0 + i1 * i2 |
    |resnet50_0_mac_muladd_9s_7s_17ns_17_1_1_U115  |resnet50_0_mac_muladd_9s_7s_17ns_17_1_1  | i0 + i1 * i2 |
    |resnet50_0_mac_muladd_9s_7s_17ns_17_1_1_U116  |resnet50_0_mac_muladd_9s_7s_17ns_17_1_1  | i0 + i1 * i2 |
    |resnet50_0_mac_muladd_9s_7s_17ns_17_1_1_U123  |resnet50_0_mac_muladd_9s_7s_17ns_17_1_1  | i0 + i1 * i2 |
    |resnet50_0_mac_muladd_9s_7s_17ns_17_1_1_U125  |resnet50_0_mac_muladd_9s_7s_17ns_17_1_1  | i0 + i1 * i2 |
    |resnet50_0_mac_muladd_9s_8s_17ns_17_1_1_U9    |resnet50_0_mac_muladd_9s_8s_17ns_17_1_1  | i0 + i1 * i2 |
    |resnet50_0_mac_muladd_9s_8s_17ns_17_1_1_U13   |resnet50_0_mac_muladd_9s_8s_17ns_17_1_1  | i0 + i1 * i2 |
    |resnet50_0_mac_muladd_9s_8s_17ns_17_1_1_U15   |resnet50_0_mac_muladd_9s_8s_17ns_17_1_1  | i0 + i1 * i2 |
    |resnet50_0_mac_muladd_9s_8s_17ns_17_1_1_U17   |resnet50_0_mac_muladd_9s_8s_17ns_17_1_1  | i0 + i1 * i2 |
    |resnet50_0_mac_muladd_9s_8s_17ns_17_1_1_U19   |resnet50_0_mac_muladd_9s_8s_17ns_17_1_1  | i0 + i1 * i2 |
    |resnet50_0_mac_muladd_9s_8s_17ns_17_1_1_U21   |resnet50_0_mac_muladd_9s_8s_17ns_17_1_1  | i0 + i1 * i2 |
    |resnet50_0_mac_muladd_9s_8s_17ns_17_1_1_U23   |resnet50_0_mac_muladd_9s_8s_17ns_17_1_1  | i0 + i1 * i2 |
    |resnet50_0_mac_muladd_9s_8s_17ns_17_1_1_U27   |resnet50_0_mac_muladd_9s_8s_17ns_17_1_1  | i0 + i1 * i2 |
    |resnet50_0_mac_muladd_9s_8s_17ns_17_1_1_U33   |resnet50_0_mac_muladd_9s_8s_17ns_17_1_1  | i0 + i1 * i2 |
    |resnet50_0_mac_muladd_9s_8s_17ns_17_1_1_U39   |resnet50_0_mac_muladd_9s_8s_17ns_17_1_1  | i0 + i1 * i2 |
    |resnet50_0_mac_muladd_9s_8s_17ns_17_1_1_U43   |resnet50_0_mac_muladd_9s_8s_17ns_17_1_1  | i0 + i1 * i2 |
    |resnet50_0_mac_muladd_9s_8s_17ns_17_1_1_U47   |resnet50_0_mac_muladd_9s_8s_17ns_17_1_1  | i0 + i1 * i2 |
    |resnet50_0_mac_muladd_9s_8s_17ns_17_1_1_U55   |resnet50_0_mac_muladd_9s_8s_17ns_17_1_1  | i0 + i1 * i2 |
    |resnet50_0_mac_muladd_9s_8s_17ns_17_1_1_U57   |resnet50_0_mac_muladd_9s_8s_17ns_17_1_1  | i0 + i1 * i2 |
    |resnet50_0_mac_muladd_9s_8s_17ns_17_1_1_U59   |resnet50_0_mac_muladd_9s_8s_17ns_17_1_1  | i0 + i1 * i2 |
    |resnet50_0_mac_muladd_9s_8s_17ns_17_1_1_U69   |resnet50_0_mac_muladd_9s_8s_17ns_17_1_1  | i0 + i1 * i2 |
    |resnet50_0_mac_muladd_9s_8s_17ns_17_1_1_U75   |resnet50_0_mac_muladd_9s_8s_17ns_17_1_1  | i0 + i1 * i2 |
    |resnet50_0_mac_muladd_9s_8s_17ns_17_1_1_U79   |resnet50_0_mac_muladd_9s_8s_17ns_17_1_1  | i0 + i1 * i2 |
    |resnet50_0_mac_muladd_9s_8s_17ns_17_1_1_U81   |resnet50_0_mac_muladd_9s_8s_17ns_17_1_1  | i0 + i1 * i2 |
    |resnet50_0_mac_muladd_9s_8s_17ns_17_1_1_U91   |resnet50_0_mac_muladd_9s_8s_17ns_17_1_1  | i0 + i1 * i2 |
    |resnet50_0_mac_muladd_9s_8s_17ns_17_1_1_U95   |resnet50_0_mac_muladd_9s_8s_17ns_17_1_1  | i0 + i1 * i2 |
    |resnet50_0_mac_muladd_9s_8s_17ns_17_1_1_U99   |resnet50_0_mac_muladd_9s_8s_17ns_17_1_1  | i0 + i1 * i2 |
    |resnet50_0_mac_muladd_9s_8s_17ns_17_1_1_U101  |resnet50_0_mac_muladd_9s_8s_17ns_17_1_1  | i0 + i1 * i2 |
    |resnet50_0_mac_muladd_9s_8s_17ns_17_1_1_U107  |resnet50_0_mac_muladd_9s_8s_17ns_17_1_1  | i0 + i1 * i2 |
    |resnet50_0_mac_muladd_9s_8s_17ns_17_1_1_U111  |resnet50_0_mac_muladd_9s_8s_17ns_17_1_1  | i0 + i1 * i2 |
    |resnet50_0_mac_muladd_9s_8s_17ns_17_1_1_U119  |resnet50_0_mac_muladd_9s_8s_17ns_17_1_1  | i0 + i1 * i2 |
    |resnet50_0_mac_muladd_9s_8s_17ns_17_1_1_U121  |resnet50_0_mac_muladd_9s_8s_17ns_17_1_1  | i0 + i1 * i2 |
    |resnet50_0_mac_muladd_9s_8s_17ns_17_1_1_U129  |resnet50_0_mac_muladd_9s_8s_17ns_17_1_1  | i0 + i1 * i2 |
    |resnet50_0_mac_muladd_9s_8s_24ns_24_1_1_U5    |resnet50_0_mac_muladd_9s_8s_24ns_24_1_1  | i0 + i1 * i2 |
    |resnet50_0_mac_muladd_9s_8s_24ns_24_1_1_U6    |resnet50_0_mac_muladd_9s_8s_24ns_24_1_1  | i0 + i1 * i2 |
    |resnet50_0_mac_muladd_9s_8s_24ns_24_1_1_U8    |resnet50_0_mac_muladd_9s_8s_24ns_24_1_1  | i0 + i1 * i2 |
    |resnet50_0_mac_muladd_9s_8s_24ns_24_1_1_U11   |resnet50_0_mac_muladd_9s_8s_24ns_24_1_1  | i0 + i1 * i2 |
    |resnet50_0_mac_muladd_9s_8s_24ns_24_1_1_U12   |resnet50_0_mac_muladd_9s_8s_24ns_24_1_1  | i0 + i1 * i2 |
    |resnet50_0_mac_muladd_9s_8s_24ns_24_1_1_U14   |resnet50_0_mac_muladd_9s_8s_24ns_24_1_1  | i0 + i1 * i2 |
    |resnet50_0_mac_muladd_9s_8s_24ns_24_1_1_U16   |resnet50_0_mac_muladd_9s_8s_24ns_24_1_1  | i0 + i1 * i2 |
    |resnet50_0_mac_muladd_9s_8s_24ns_24_1_1_U18   |resnet50_0_mac_muladd_9s_8s_24ns_24_1_1  | i0 + i1 * i2 |
    |resnet50_0_mac_muladd_9s_8s_24ns_24_1_1_U20   |resnet50_0_mac_muladd_9s_8s_24ns_24_1_1  | i0 + i1 * i2 |
    |resnet50_0_mac_muladd_9s_8s_24ns_24_1_1_U22   |resnet50_0_mac_muladd_9s_8s_24ns_24_1_1  | i0 + i1 * i2 |
    |resnet50_0_mac_muladd_9s_8s_24ns_24_1_1_U24   |resnet50_0_mac_muladd_9s_8s_24ns_24_1_1  | i0 + i1 * i2 |
    |resnet50_0_mac_muladd_9s_8s_24ns_24_1_1_U26   |resnet50_0_mac_muladd_9s_8s_24ns_24_1_1  | i0 + i1 * i2 |
    |resnet50_0_mac_muladd_9s_8s_24ns_24_1_1_U28   |resnet50_0_mac_muladd_9s_8s_24ns_24_1_1  | i0 + i1 * i2 |
    |resnet50_0_mac_muladd_9s_8s_24ns_24_1_1_U30   |resnet50_0_mac_muladd_9s_8s_24ns_24_1_1  | i0 + i1 * i2 |
    |resnet50_0_mac_muladd_9s_8s_24ns_24_1_1_U32   |resnet50_0_mac_muladd_9s_8s_24ns_24_1_1  | i0 + i1 * i2 |
    |resnet50_0_mac_muladd_9s_8s_24ns_24_1_1_U34   |resnet50_0_mac_muladd_9s_8s_24ns_24_1_1  | i0 + i1 * i2 |
    |resnet50_0_mac_muladd_9s_8s_24ns_24_1_1_U36   |resnet50_0_mac_muladd_9s_8s_24ns_24_1_1  | i0 + i1 * i2 |
    |resnet50_0_mac_muladd_9s_8s_24ns_24_1_1_U38   |resnet50_0_mac_muladd_9s_8s_24ns_24_1_1  | i0 + i1 * i2 |
    |resnet50_0_mac_muladd_9s_8s_24ns_24_1_1_U41   |resnet50_0_mac_muladd_9s_8s_24ns_24_1_1  | i0 + i1 * i2 |
    |resnet50_0_mac_muladd_9s_8s_24ns_24_1_1_U42   |resnet50_0_mac_muladd_9s_8s_24ns_24_1_1  | i0 + i1 * i2 |
    |resnet50_0_mac_muladd_9s_8s_24ns_24_1_1_U44   |resnet50_0_mac_muladd_9s_8s_24ns_24_1_1  | i0 + i1 * i2 |
    |resnet50_0_mac_muladd_9s_8s_24ns_24_1_1_U46   |resnet50_0_mac_muladd_9s_8s_24ns_24_1_1  | i0 + i1 * i2 |
    |resnet50_0_mac_muladd_9s_8s_24ns_24_1_1_U48   |resnet50_0_mac_muladd_9s_8s_24ns_24_1_1  | i0 + i1 * i2 |
    |resnet50_0_mac_muladd_9s_8s_24ns_24_1_1_U50   |resnet50_0_mac_muladd_9s_8s_24ns_24_1_1  | i0 + i1 * i2 |
    |resnet50_0_mac_muladd_9s_8s_24ns_24_1_1_U53   |resnet50_0_mac_muladd_9s_8s_24ns_24_1_1  | i0 + i1 * i2 |
    |resnet50_0_mac_muladd_9s_8s_24ns_24_1_1_U54   |resnet50_0_mac_muladd_9s_8s_24ns_24_1_1  | i0 + i1 * i2 |
    |resnet50_0_mac_muladd_9s_8s_24ns_24_1_1_U56   |resnet50_0_mac_muladd_9s_8s_24ns_24_1_1  | i0 + i1 * i2 |
    |resnet50_0_mac_muladd_9s_8s_24ns_24_1_1_U58   |resnet50_0_mac_muladd_9s_8s_24ns_24_1_1  | i0 + i1 * i2 |
    |resnet50_0_mac_muladd_9s_8s_24ns_24_1_1_U61   |resnet50_0_mac_muladd_9s_8s_24ns_24_1_1  | i0 + i1 * i2 |
    |resnet50_0_mac_muladd_9s_8s_24ns_24_1_1_U62   |resnet50_0_mac_muladd_9s_8s_24ns_24_1_1  | i0 + i1 * i2 |
    |resnet50_0_mac_muladd_9s_8s_24ns_24_1_1_U64   |resnet50_0_mac_muladd_9s_8s_24ns_24_1_1  | i0 + i1 * i2 |
    |resnet50_0_mac_muladd_9s_8s_24ns_24_1_1_U67   |resnet50_0_mac_muladd_9s_8s_24ns_24_1_1  | i0 + i1 * i2 |
    |resnet50_0_mac_muladd_9s_8s_24ns_24_1_1_U68   |resnet50_0_mac_muladd_9s_8s_24ns_24_1_1  | i0 + i1 * i2 |
    |resnet50_0_mac_muladd_9s_8s_24ns_24_1_1_U70   |resnet50_0_mac_muladd_9s_8s_24ns_24_1_1  | i0 + i1 * i2 |
    |resnet50_0_mac_muladd_9s_8s_24ns_24_1_1_U72   |resnet50_0_mac_muladd_9s_8s_24ns_24_1_1  | i0 + i1 * i2 |
    |resnet50_0_mac_muladd_9s_8s_24ns_24_1_1_U74   |resnet50_0_mac_muladd_9s_8s_24ns_24_1_1  | i0 + i1 * i2 |
    |resnet50_0_mac_muladd_9s_8s_24ns_24_1_1_U76   |resnet50_0_mac_muladd_9s_8s_24ns_24_1_1  | i0 + i1 * i2 |
    |resnet50_0_mac_muladd_9s_8s_24ns_24_1_1_U78   |resnet50_0_mac_muladd_9s_8s_24ns_24_1_1  | i0 + i1 * i2 |
    |resnet50_0_mac_muladd_9s_8s_24ns_24_1_1_U80   |resnet50_0_mac_muladd_9s_8s_24ns_24_1_1  | i0 + i1 * i2 |
    |resnet50_0_mac_muladd_9s_8s_24ns_24_1_1_U82   |resnet50_0_mac_muladd_9s_8s_24ns_24_1_1  | i0 + i1 * i2 |
    |resnet50_0_mac_muladd_9s_8s_24ns_24_1_1_U84   |resnet50_0_mac_muladd_9s_8s_24ns_24_1_1  | i0 + i1 * i2 |
    |resnet50_0_mac_muladd_9s_8s_24ns_24_1_1_U86   |resnet50_0_mac_muladd_9s_8s_24ns_24_1_1  | i0 + i1 * i2 |
    |resnet50_0_mac_muladd_9s_8s_24ns_24_1_1_U88   |resnet50_0_mac_muladd_9s_8s_24ns_24_1_1  | i0 + i1 * i2 |
    |resnet50_0_mac_muladd_9s_8s_24ns_24_1_1_U90   |resnet50_0_mac_muladd_9s_8s_24ns_24_1_1  | i0 + i1 * i2 |
    |resnet50_0_mac_muladd_9s_8s_24ns_24_1_1_U92   |resnet50_0_mac_muladd_9s_8s_24ns_24_1_1  | i0 + i1 * i2 |
    |resnet50_0_mac_muladd_9s_8s_24ns_24_1_1_U94   |resnet50_0_mac_muladd_9s_8s_24ns_24_1_1  | i0 + i1 * i2 |
    |resnet50_0_mac_muladd_9s_8s_24ns_24_1_1_U96   |resnet50_0_mac_muladd_9s_8s_24ns_24_1_1  | i0 + i1 * i2 |
    |resnet50_0_mac_muladd_9s_8s_24ns_24_1_1_U98   |resnet50_0_mac_muladd_9s_8s_24ns_24_1_1  | i0 + i1 * i2 |
    |resnet50_0_mac_muladd_9s_8s_24ns_24_1_1_U100  |resnet50_0_mac_muladd_9s_8s_24ns_24_1_1  | i0 + i1 * i2 |
    |resnet50_0_mac_muladd_9s_8s_24ns_24_1_1_U102  |resnet50_0_mac_muladd_9s_8s_24ns_24_1_1  | i0 + i1 * i2 |
    |resnet50_0_mac_muladd_9s_8s_24ns_24_1_1_U104  |resnet50_0_mac_muladd_9s_8s_24ns_24_1_1  | i0 + i1 * i2 |
    |resnet50_0_mac_muladd_9s_8s_24ns_24_1_1_U106  |resnet50_0_mac_muladd_9s_8s_24ns_24_1_1  | i0 + i1 * i2 |
    |resnet50_0_mac_muladd_9s_8s_24ns_24_1_1_U108  |resnet50_0_mac_muladd_9s_8s_24ns_24_1_1  | i0 + i1 * i2 |
    |resnet50_0_mac_muladd_9s_8s_24ns_24_1_1_U110  |resnet50_0_mac_muladd_9s_8s_24ns_24_1_1  | i0 + i1 * i2 |
    |resnet50_0_mac_muladd_9s_8s_24ns_24_1_1_U112  |resnet50_0_mac_muladd_9s_8s_24ns_24_1_1  | i0 + i1 * i2 |
    |resnet50_0_mac_muladd_9s_8s_24ns_24_1_1_U114  |resnet50_0_mac_muladd_9s_8s_24ns_24_1_1  | i0 + i1 * i2 |
    |resnet50_0_mac_muladd_9s_8s_24ns_24_1_1_U117  |resnet50_0_mac_muladd_9s_8s_24ns_24_1_1  | i0 + i1 * i2 |
    |resnet50_0_mac_muladd_9s_8s_24ns_24_1_1_U118  |resnet50_0_mac_muladd_9s_8s_24ns_24_1_1  | i0 + i1 * i2 |
    |resnet50_0_mac_muladd_9s_8s_24ns_24_1_1_U120  |resnet50_0_mac_muladd_9s_8s_24ns_24_1_1  | i0 + i1 * i2 |
    |resnet50_0_mac_muladd_9s_8s_24ns_24_1_1_U122  |resnet50_0_mac_muladd_9s_8s_24ns_24_1_1  | i0 + i1 * i2 |
    |resnet50_0_mac_muladd_9s_8s_24ns_24_1_1_U124  |resnet50_0_mac_muladd_9s_8s_24ns_24_1_1  | i0 + i1 * i2 |
    |resnet50_0_mac_muladd_9s_8s_24ns_24_1_1_U126  |resnet50_0_mac_muladd_9s_8s_24ns_24_1_1  | i0 + i1 * i2 |
    |resnet50_0_mac_muladd_9s_8s_24ns_24_1_1_U128  |resnet50_0_mac_muladd_9s_8s_24ns_24_1_1  | i0 + i1 * i2 |
    +----------------------------------------------+-----------------------------------------+--------------+

    * Memory: 
    +-------------------+-----------------------------+---------+----+----+-----+------+-----+------+-------------+
    |       Memory      |            Module           | BRAM_18K| FF | LUT| URAM| Words| Bits| Banks| W*Bits*Banks|
    +-------------------+-----------------------------+---------+----+----+-----+------+-----+------+-------------+
    |c1_weight_V_0_U    |Loop_0_proc_c1_weight_V_0    |        0|   7|   6|    0|    49|    7|     1|          343|
    |c1_weight_V_1_U    |Loop_0_proc_c1_weight_V_1    |        0|   8|   7|    0|    49|    8|     1|          392|
    |c1_weight_V_10_U   |Loop_0_proc_c1_weight_V_10   |        0|   8|   7|    0|    49|    8|     1|          392|
    |c1_weight_V_100_U  |Loop_0_proc_c1_weight_V_100  |        0|   8|   7|    0|    49|    8|     1|          392|
    |c1_weight_V_101_U  |Loop_0_proc_c1_weight_V_101  |        0|   8|   7|    0|    49|    8|     1|          392|
    |c1_weight_V_102_U  |Loop_0_proc_c1_weight_V_102  |        0|   8|   7|    0|    49|    8|     1|          392|
    |c1_weight_V_103_U  |Loop_0_proc_c1_weight_V_103  |        0|   7|   6|    0|    49|    7|     1|          343|
    |c1_weight_V_104_U  |Loop_0_proc_c1_weight_V_104  |        0|   8|   7|    0|    49|    8|     1|          392|
    |c1_weight_V_105_U  |Loop_0_proc_c1_weight_V_105  |        0|   8|   7|    0|    49|    8|     1|          392|
    |c1_weight_V_106_U  |Loop_0_proc_c1_weight_V_106  |        0|   8|   7|    0|    49|    8|     1|          392|
    |c1_weight_V_107_U  |Loop_0_proc_c1_weight_V_107  |        0|   6|   5|    0|    49|    6|     1|          294|
    |c1_weight_V_108_U  |Loop_0_proc_c1_weight_V_108  |        0|   8|   7|    0|    49|    8|     1|          392|
    |c1_weight_V_109_U  |Loop_0_proc_c1_weight_V_109  |        0|   8|   7|    0|    49|    8|     1|          392|
    |c1_weight_V_11_U   |Loop_0_proc_c1_weight_V_11   |        0|   8|   7|    0|    49|    8|     1|          392|
    |c1_weight_V_110_U  |Loop_0_proc_c1_weight_V_110  |        0|   8|   7|    0|    49|    8|     1|          392|
    |c1_weight_V_111_U  |Loop_0_proc_c1_weight_V_111  |        0|   8|   7|    0|    49|    8|     1|          392|
    |c1_weight_V_112_U  |Loop_0_proc_c1_weight_V_112  |        0|   8|   7|    0|    49|    8|     1|          392|
    |c1_weight_V_113_U  |Loop_0_proc_c1_weight_V_113  |        0|   7|   6|    0|    49|    7|     1|          343|
    |c1_weight_V_114_U  |Loop_0_proc_c1_weight_V_114  |        0|   8|   7|    0|    49|    8|     1|          392|
    |c1_weight_V_115_U  |Loop_0_proc_c1_weight_V_115  |        0|   8|   7|    0|    49|    8|     1|          392|
    |c1_weight_V_116_U  |Loop_0_proc_c1_weight_V_116  |        0|   8|   7|    0|    49|    8|     1|          392|
    |c1_weight_V_117_U  |Loop_0_proc_c1_weight_V_117  |        0|   8|   7|    0|    49|    8|     1|          392|
    |c1_weight_V_118_U  |Loop_0_proc_c1_weight_V_118  |        0|   8|   7|    0|    49|    8|     1|          392|
    |c1_weight_V_119_U  |Loop_0_proc_c1_weight_V_119  |        0|   8|   7|    0|    49|    8|     1|          392|
    |c1_weight_V_12_U   |Loop_0_proc_c1_weight_V_12   |        0|   8|   7|    0|    49|    8|     1|          392|
    |c1_weight_V_120_U  |Loop_0_proc_c1_weight_V_120  |        0|   8|   7|    0|    49|    8|     1|          392|
    |c1_weight_V_121_U  |Loop_0_proc_c1_weight_V_121  |        0|   7|   6|    0|    49|    7|     1|          343|
    |c1_weight_V_122_U  |Loop_0_proc_c1_weight_V_122  |        0|   7|   6|    0|    49|    7|     1|          343|
    |c1_weight_V_123_U  |Loop_0_proc_c1_weight_V_123  |        0|   8|   7|    0|    49|    8|     1|          392|
    |c1_weight_V_124_U  |Loop_0_proc_c1_weight_V_124  |        0|   6|   5|    0|    49|    6|     1|          294|
    |c1_weight_V_125_U  |Loop_0_proc_c1_weight_V_125  |        0|   8|   7|    0|    49|    8|     1|          392|
    |c1_weight_V_126_U  |Loop_0_proc_c1_weight_V_126  |        0|   8|   7|    0|    49|    8|     1|          392|
    |c1_weight_V_127_U  |Loop_0_proc_c1_weight_V_127  |        0|   8|   7|    0|    49|    8|     1|          392|
    |c1_weight_V_128_U  |Loop_0_proc_c1_weight_V_128  |        0|   7|   6|    0|    49|    7|     1|          343|
    |c1_weight_V_129_U  |Loop_0_proc_c1_weight_V_129  |        0|   8|   7|    0|    49|    8|     1|          392|
    |c1_weight_V_13_U   |Loop_0_proc_c1_weight_V_13   |        0|   8|   7|    0|    49|    8|     1|          392|
    |c1_weight_V_130_U  |Loop_0_proc_c1_weight_V_130  |        0|   6|   5|    0|    49|    6|     1|          294|
    |c1_weight_V_131_U  |Loop_0_proc_c1_weight_V_131  |        0|   8|   7|    0|    49|    8|     1|          392|
    |c1_weight_V_132_U  |Loop_0_proc_c1_weight_V_132  |        0|   8|   7|    0|    49|    8|     1|          392|
    |c1_weight_V_133_U  |Loop_0_proc_c1_weight_V_133  |        0|   8|   7|    0|    49|    8|     1|          392|
    |c1_weight_V_134_U  |Loop_0_proc_c1_weight_V_134  |        0|   8|   7|    0|    49|    8|     1|          392|
    |c1_weight_V_135_U  |Loop_0_proc_c1_weight_V_135  |        0|   8|   7|    0|    49|    8|     1|          392|
    |c1_weight_V_136_U  |Loop_0_proc_c1_weight_V_136  |        0|   7|   6|    0|    49|    7|     1|          343|
    |c1_weight_V_137_U  |Loop_0_proc_c1_weight_V_137  |        0|   8|   7|    0|    49|    8|     1|          392|
    |c1_weight_V_138_U  |Loop_0_proc_c1_weight_V_138  |        0|   8|   7|    0|    49|    8|     1|          392|
    |c1_weight_V_139_U  |Loop_0_proc_c1_weight_V_139  |        0|   8|   7|    0|    49|    8|     1|          392|
    |c1_weight_V_14_U   |Loop_0_proc_c1_weight_V_14   |        0|   8|   7|    0|    49|    8|     1|          392|
    |c1_weight_V_140_U  |Loop_0_proc_c1_weight_V_140  |        0|   8|   7|    0|    49|    8|     1|          392|
    |c1_weight_V_141_U  |Loop_0_proc_c1_weight_V_141  |        0|   8|   7|    0|    49|    8|     1|          392|
    |c1_weight_V_142_U  |Loop_0_proc_c1_weight_V_142  |        0|   8|   7|    0|    49|    8|     1|          392|
    |c1_weight_V_143_U  |Loop_0_proc_c1_weight_V_143  |        0|   7|   6|    0|    49|    7|     1|          343|
    |c1_weight_V_144_U  |Loop_0_proc_c1_weight_V_144  |        0|   8|   7|    0|    49|    8|     1|          392|
    |c1_weight_V_145_U  |Loop_0_proc_c1_weight_V_145  |        0|   8|   7|    0|    49|    8|     1|          392|
    |c1_weight_V_146_U  |Loop_0_proc_c1_weight_V_146  |        0|   8|   7|    0|    49|    8|     1|          392|
    |c1_weight_V_147_U  |Loop_0_proc_c1_weight_V_147  |        0|   8|   7|    0|    49|    8|     1|          392|
    |c1_weight_V_148_U  |Loop_0_proc_c1_weight_V_148  |        0|   8|   7|    0|    49|    8|     1|          392|
    |c1_weight_V_149_U  |Loop_0_proc_c1_weight_V_149  |        0|   8|   7|    0|    49|    8|     1|          392|
    |c1_weight_V_15_U   |Loop_0_proc_c1_weight_V_15   |        0|   8|   7|    0|    49|    8|     1|          392|
    |c1_weight_V_150_U  |Loop_0_proc_c1_weight_V_150  |        0|   8|   7|    0|    49|    8|     1|          392|
    |c1_weight_V_151_U  |Loop_0_proc_c1_weight_V_151  |        0|   8|   7|    0|    49|    8|     1|          392|
    |c1_weight_V_152_U  |Loop_0_proc_c1_weight_V_152  |        0|   7|   6|    0|    49|    7|     1|          343|
    |c1_weight_V_153_U  |Loop_0_proc_c1_weight_V_153  |        0|   8|   7|    0|    49|    8|     1|          392|
    |c1_weight_V_154_U  |Loop_0_proc_c1_weight_V_154  |        0|   8|   7|    0|    49|    8|     1|          392|
    |c1_weight_V_155_U  |Loop_0_proc_c1_weight_V_155  |        0|   7|   6|    0|    49|    7|     1|          343|
    |c1_weight_V_156_U  |Loop_0_proc_c1_weight_V_156  |        0|   8|   7|    0|    49|    8|     1|          392|
    |c1_weight_V_157_U  |Loop_0_proc_c1_weight_V_157  |        0|   8|   7|    0|    49|    8|     1|          392|
    |c1_weight_V_158_U  |Loop_0_proc_c1_weight_V_158  |        0|   8|   7|    0|    49|    8|     1|          392|
    |c1_weight_V_159_U  |Loop_0_proc_c1_weight_V_159  |        0|   8|   7|    0|    49|    8|     1|          392|
    |c1_weight_V_16_U   |Loop_0_proc_c1_weight_V_16   |        0|   8|   7|    0|    49|    8|     1|          392|
    |c1_weight_V_160_U  |Loop_0_proc_c1_weight_V_160  |        0|   8|   7|    0|    49|    8|     1|          392|
    |c1_weight_V_161_U  |Loop_0_proc_c1_weight_V_161  |        0|   7|   6|    0|    49|    7|     1|          343|
    |c1_weight_V_162_U  |Loop_0_proc_c1_weight_V_162  |        0|   8|   7|    0|    49|    8|     1|          392|
    |c1_weight_V_163_U  |Loop_0_proc_c1_weight_V_163  |        0|   8|   7|    0|    49|    8|     1|          392|
    |c1_weight_V_164_U  |Loop_0_proc_c1_weight_V_164  |        0|   8|   7|    0|    49|    8|     1|          392|
    |c1_weight_V_165_U  |Loop_0_proc_c1_weight_V_165  |        0|   8|   7|    0|    49|    8|     1|          392|
    |c1_weight_V_166_U  |Loop_0_proc_c1_weight_V_166  |        0|   8|   7|    0|    49|    8|     1|          392|
    |c1_weight_V_167_U  |Loop_0_proc_c1_weight_V_167  |        0|   7|   6|    0|    49|    7|     1|          343|
    |c1_weight_V_168_U  |Loop_0_proc_c1_weight_V_168  |        0|   8|   7|    0|    49|    8|     1|          392|
    |c1_weight_V_169_U  |Loop_0_proc_c1_weight_V_169  |        0|   8|   7|    0|    49|    8|     1|          392|
    |c1_weight_V_17_U   |Loop_0_proc_c1_weight_V_17   |        0|   8|   7|    0|    49|    8|     1|          392|
    |c1_weight_V_170_U  |Loop_0_proc_c1_weight_V_170  |        0|   7|   6|    0|    49|    7|     1|          343|
    |c1_weight_V_171_U  |Loop_0_proc_c1_weight_V_171  |        0|   7|   6|    0|    49|    7|     1|          343|
    |c1_weight_V_172_U  |Loop_0_proc_c1_weight_V_172  |        0|   8|   7|    0|    49|    8|     1|          392|
    |c1_weight_V_173_U  |Loop_0_proc_c1_weight_V_173  |        0|   8|   7|    0|    49|    8|     1|          392|
    |c1_weight_V_174_U  |Loop_0_proc_c1_weight_V_174  |        0|   8|   7|    0|    49|    8|     1|          392|
    |c1_weight_V_175_U  |Loop_0_proc_c1_weight_V_175  |        0|   8|   7|    0|    49|    8|     1|          392|
    |c1_weight_V_176_U  |Loop_0_proc_c1_weight_V_176  |        0|   8|   7|    0|    49|    8|     1|          392|
    |c1_weight_V_177_U  |Loop_0_proc_c1_weight_V_177  |        0|   8|   7|    0|    49|    8|     1|          392|
    |c1_weight_V_178_U  |Loop_0_proc_c1_weight_V_178  |        0|   8|   7|    0|    49|    8|     1|          392|
    |c1_weight_V_179_U  |Loop_0_proc_c1_weight_V_179  |        0|   8|   7|    0|    49|    8|     1|          392|
    |c1_weight_V_18_U   |Loop_0_proc_c1_weight_V_18   |        0|   8|   7|    0|    49|    8|     1|          392|
    |c1_weight_V_180_U  |Loop_0_proc_c1_weight_V_180  |        0|   8|   7|    0|    49|    8|     1|          392|
    |c1_weight_V_181_U  |Loop_0_proc_c1_weight_V_181  |        0|   8|   7|    0|    49|    8|     1|          392|
    |c1_weight_V_182_U  |Loop_0_proc_c1_weight_V_182  |        0|   7|   6|    0|    49|    7|     1|          343|
    |c1_weight_V_183_U  |Loop_0_proc_c1_weight_V_183  |        0|   8|   7|    0|    49|    8|     1|          392|
    |c1_weight_V_184_U  |Loop_0_proc_c1_weight_V_184  |        0|   8|   7|    0|    49|    8|     1|          392|
    |c1_weight_V_185_U  |Loop_0_proc_c1_weight_V_185  |        0|   7|   6|    0|    49|    7|     1|          343|
    |c1_weight_V_186_U  |Loop_0_proc_c1_weight_V_186  |        0|   8|   7|    0|    49|    8|     1|          392|
    |c1_weight_V_187_U  |Loop_0_proc_c1_weight_V_187  |        0|   7|   6|    0|    49|    7|     1|          343|
    |c1_weight_V_188_U  |Loop_0_proc_c1_weight_V_188  |        0|   7|   6|    0|    49|    7|     1|          343|
    |c1_weight_V_189_U  |Loop_0_proc_c1_weight_V_189  |        0|   8|   7|    0|    49|    8|     1|          392|
    |c1_weight_V_19_U   |Loop_0_proc_c1_weight_V_19   |        0|   8|   7|    0|    49|    8|     1|          392|
    |c1_weight_V_190_U  |Loop_0_proc_c1_weight_V_190  |        0|   8|   7|    0|    49|    8|     1|          392|
    |c1_weight_V_191_U  |Loop_0_proc_c1_weight_V_191  |        0|   8|   7|    0|    49|    8|     1|          392|
    |c1_weight_V_2_U    |Loop_0_proc_c1_weight_V_2    |        0|   8|   7|    0|    49|    8|     1|          392|
    |c1_weight_V_20_U   |Loop_0_proc_c1_weight_V_20   |        0|   8|   7|    0|    49|    8|     1|          392|
    |c1_weight_V_21_U   |Loop_0_proc_c1_weight_V_21   |        0|   8|   7|    0|    49|    8|     1|          392|
    |c1_weight_V_22_U   |Loop_0_proc_c1_weight_V_22   |        0|   8|   7|    0|    49|    8|     1|          392|
    |c1_weight_V_23_U   |Loop_0_proc_c1_weight_V_23   |        0|   8|   7|    0|    49|    8|     1|          392|
    |c1_weight_V_24_U   |Loop_0_proc_c1_weight_V_24   |        0|   8|   7|    0|    49|    8|     1|          392|
    |c1_weight_V_25_U   |Loop_0_proc_c1_weight_V_25   |        0|   8|   7|    0|    49|    8|     1|          392|
    |c1_weight_V_26_U   |Loop_0_proc_c1_weight_V_26   |        0|   8|   7|    0|    49|    8|     1|          392|
    |c1_weight_V_27_U   |Loop_0_proc_c1_weight_V_27   |        0|   8|   7|    0|    49|    8|     1|          392|
    |c1_weight_V_28_U   |Loop_0_proc_c1_weight_V_28   |        0|   8|   7|    0|    49|    8|     1|          392|
    |c1_weight_V_29_U   |Loop_0_proc_c1_weight_V_29   |        0|   8|   7|    0|    49|    8|     1|          392|
    |c1_weight_V_3_U    |Loop_0_proc_c1_weight_V_3    |        0|   8|   7|    0|    49|    8|     1|          392|
    |c1_weight_V_30_U   |Loop_0_proc_c1_weight_V_30   |        0|   8|   7|    0|    49|    8|     1|          392|
    |c1_weight_V_31_U   |Loop_0_proc_c1_weight_V_31   |        0|   6|   5|    0|    49|    6|     1|          294|
    |c1_weight_V_32_U   |Loop_0_proc_c1_weight_V_32   |        0|   8|   7|    0|    49|    8|     1|          392|
    |c1_weight_V_33_U   |Loop_0_proc_c1_weight_V_33   |        0|   8|   7|    0|    49|    8|     1|          392|
    |c1_weight_V_34_U   |Loop_0_proc_c1_weight_V_34   |        0|   8|   7|    0|    49|    8|     1|          392|
    |c1_weight_V_35_U   |Loop_0_proc_c1_weight_V_35   |        0|   8|   7|    0|    49|    8|     1|          392|
    |c1_weight_V_36_U   |Loop_0_proc_c1_weight_V_36   |        0|   8|   7|    0|    49|    8|     1|          392|
    |c1_weight_V_37_U   |Loop_0_proc_c1_weight_V_37   |        0|   6|   5|    0|    49|    6|     1|          294|
    |c1_weight_V_38_U   |Loop_0_proc_c1_weight_V_38   |        0|   8|   7|    0|    49|    8|     1|          392|
    |c1_weight_V_4_U    |Loop_0_proc_c1_weight_V_4    |        0|   8|   7|    0|    49|    8|     1|          392|
    |c1_weight_V_42_U   |Loop_0_proc_c1_weight_V_42   |        0|   8|   7|    0|    49|    8|     1|          392|
    |c1_weight_V_43_U   |Loop_0_proc_c1_weight_V_43   |        0|   4|   4|    0|    49|    4|     1|          196|
    |c1_weight_V_44_U   |Loop_0_proc_c1_weight_V_44   |        0|   8|   7|    0|    49|    8|     1|          392|
    |c1_weight_V_45_U   |Loop_0_proc_c1_weight_V_45   |        0|   8|   7|    0|    49|    8|     1|          392|
    |c1_weight_V_46_U   |Loop_0_proc_c1_weight_V_46   |        0|   8|   7|    0|    49|    8|     1|          392|
    |c1_weight_V_47_U   |Loop_0_proc_c1_weight_V_47   |        0|   8|   7|    0|    49|    8|     1|          392|
    |c1_weight_V_48_U   |Loop_0_proc_c1_weight_V_48   |        0|   8|   7|    0|    49|    8|     1|          392|
    |c1_weight_V_49_U   |Loop_0_proc_c1_weight_V_49   |        0|   6|   5|    0|    49|    6|     1|          294|
    |c1_weight_V_5_U    |Loop_0_proc_c1_weight_V_5    |        0|   7|   6|    0|    49|    7|     1|          343|
    |c1_weight_V_50_U   |Loop_0_proc_c1_weight_V_50   |        0|   8|   7|    0|    49|    8|     1|          392|
    |c1_weight_V_51_U   |Loop_0_proc_c1_weight_V_51   |        0|   8|   7|    0|    49|    8|     1|          392|
    |c1_weight_V_52_U   |Loop_0_proc_c1_weight_V_52   |        0|   8|   7|    0|    49|    8|     1|          392|
    |c1_weight_V_53_U   |Loop_0_proc_c1_weight_V_53   |        0|   7|   6|    0|    49|    7|     1|          343|
    |c1_weight_V_54_U   |Loop_0_proc_c1_weight_V_54   |        0|   8|   7|    0|    49|    8|     1|          392|
    |c1_weight_V_55_U   |Loop_0_proc_c1_weight_V_55   |        0|   8|   7|    0|    49|    8|     1|          392|
    |c1_weight_V_56_U   |Loop_0_proc_c1_weight_V_56   |        0|   8|   7|    0|    49|    8|     1|          392|
    |c1_weight_V_57_U   |Loop_0_proc_c1_weight_V_57   |        0|   6|   5|    0|    49|    6|     1|          294|
    |c1_weight_V_58_U   |Loop_0_proc_c1_weight_V_58   |        0|   8|   7|    0|    49|    8|     1|          392|
    |c1_weight_V_59_U   |Loop_0_proc_c1_weight_V_59   |        0|   8|   7|    0|    49|    8|     1|          392|
    |c1_weight_V_6_U    |Loop_0_proc_c1_weight_V_6    |        0|   8|   7|    0|    49|    8|     1|          392|
    |c1_weight_V_60_U   |Loop_0_proc_c1_weight_V_60   |        0|   8|   7|    0|    49|    8|     1|          392|
    |c1_weight_V_61_U   |Loop_0_proc_c1_weight_V_61   |        0|   8|   7|    0|    49|    8|     1|          392|
    |c1_weight_V_62_U   |Loop_0_proc_c1_weight_V_62   |        0|   8|   7|    0|    49|    8|     1|          392|
    |c1_weight_V_63_U   |Loop_0_proc_c1_weight_V_63   |        0|   8|   7|    0|    49|    8|     1|          392|
    |c1_weight_V_64_U   |Loop_0_proc_c1_weight_V_64   |        0|   8|   7|    0|    49|    8|     1|          392|
    |c1_weight_V_65_U   |Loop_0_proc_c1_weight_V_65   |        0|   7|   6|    0|    49|    7|     1|          343|
    |c1_weight_V_66_U   |Loop_0_proc_c1_weight_V_66   |        0|   8|   7|    0|    49|    8|     1|          392|
    |c1_weight_V_67_U   |Loop_0_proc_c1_weight_V_67   |        0|   8|   7|    0|    49|    8|     1|          392|
    |c1_weight_V_68_U   |Loop_0_proc_c1_weight_V_68   |        0|   8|   7|    0|    49|    8|     1|          392|
    |c1_weight_V_69_U   |Loop_0_proc_c1_weight_V_69   |        0|   8|   7|    0|    49|    8|     1|          392|
    |c1_weight_V_7_U    |Loop_0_proc_c1_weight_V_7    |        0|   8|   7|    0|    49|    8|     1|          392|
    |c1_weight_V_70_U   |Loop_0_proc_c1_weight_V_70   |        0|   8|   7|    0|    49|    8|     1|          392|
    |c1_weight_V_71_U   |Loop_0_proc_c1_weight_V_71   |        0|   7|   6|    0|    49|    7|     1|          343|
    |c1_weight_V_72_U   |Loop_0_proc_c1_weight_V_72   |        0|   8|   7|    0|    49|    8|     1|          392|
    |c1_weight_V_73_U   |Loop_0_proc_c1_weight_V_73   |        0|   8|   7|    0|    49|    8|     1|          392|
    |c1_weight_V_74_U   |Loop_0_proc_c1_weight_V_74   |        0|   7|   6|    0|    49|    7|     1|          343|
    |c1_weight_V_75_U   |Loop_0_proc_c1_weight_V_75   |        0|   6|   5|    0|    49|    6|     1|          294|
    |c1_weight_V_76_U   |Loop_0_proc_c1_weight_V_76   |        0|   8|   7|    0|    49|    8|     1|          392|
    |c1_weight_V_77_U   |Loop_0_proc_c1_weight_V_77   |        0|   8|   7|    0|    49|    8|     1|          392|
    |c1_weight_V_78_U   |Loop_0_proc_c1_weight_V_78   |        0|   8|   7|    0|    49|    8|     1|          392|
    |c1_weight_V_79_U   |Loop_0_proc_c1_weight_V_79   |        0|   8|   7|    0|    49|    8|     1|          392|
    |c1_weight_V_8_U    |Loop_0_proc_c1_weight_V_8    |        0|   8|   7|    0|    49|    8|     1|          392|
    |c1_weight_V_80_U   |Loop_0_proc_c1_weight_V_80   |        0|   8|   7|    0|    49|    8|     1|          392|
    |c1_weight_V_81_U   |Loop_0_proc_c1_weight_V_81   |        0|   8|   7|    0|    49|    8|     1|          392|
    |c1_weight_V_82_U   |Loop_0_proc_c1_weight_V_82   |        0|   8|   7|    0|    49|    8|     1|          392|
    |c1_weight_V_83_U   |Loop_0_proc_c1_weight_V_83   |        0|   8|   7|    0|    49|    8|     1|          392|
    |c1_weight_V_84_U   |Loop_0_proc_c1_weight_V_84   |        0|   8|   7|    0|    49|    8|     1|          392|
    |c1_weight_V_85_U   |Loop_0_proc_c1_weight_V_85   |        0|   8|   7|    0|    49|    8|     1|          392|
    |c1_weight_V_86_U   |Loop_0_proc_c1_weight_V_86   |        0|   8|   7|    0|    49|    8|     1|          392|
    |c1_weight_V_87_U   |Loop_0_proc_c1_weight_V_87   |        0|   7|   6|    0|    49|    7|     1|          343|
    |c1_weight_V_88_U   |Loop_0_proc_c1_weight_V_88   |        0|   8|   7|    0|    49|    8|     1|          392|
    |c1_weight_V_89_U   |Loop_0_proc_c1_weight_V_89   |        0|   8|   7|    0|    49|    8|     1|          392|
    |c1_weight_V_9_U    |Loop_0_proc_c1_weight_V_9    |        0|   7|   6|    0|    49|    7|     1|          343|
    |c1_weight_V_90_U   |Loop_0_proc_c1_weight_V_90   |        0|   8|   7|    0|    49|    8|     1|          392|
    |c1_weight_V_91_U   |Loop_0_proc_c1_weight_V_91   |        0|   8|   7|    0|    49|    8|     1|          392|
    |c1_weight_V_92_U   |Loop_0_proc_c1_weight_V_92   |        0|   6|   5|    0|    49|    6|     1|          294|
    |c1_weight_V_93_U   |Loop_0_proc_c1_weight_V_93   |        0|   8|   7|    0|    49|    8|     1|          392|
    |c1_weight_V_94_U   |Loop_0_proc_c1_weight_V_94   |        0|   8|   7|    0|    49|    8|     1|          392|
    |c1_weight_V_95_U   |Loop_0_proc_c1_weight_V_95   |        0|   7|   6|    0|    49|    7|     1|          343|
    |c1_weight_V_96_U   |Loop_0_proc_c1_weight_V_96   |        0|   6|   5|    0|    49|    6|     1|          294|
    |c1_weight_V_97_U   |Loop_0_proc_c1_weight_V_97   |        0|   8|   7|    0|    49|    8|     1|          392|
    |c1_weight_V_98_U   |Loop_0_proc_c1_weight_V_98   |        0|   8|   7|    0|    49|    8|     1|          392|
    |c1_weight_V_99_U   |Loop_0_proc_c1_weight_V_99   |        0|   8|   7|    0|    49|    8|     1|          392|
    +-------------------+-----------------------------+---------+----+----+-----+------+-----+------+-------------+
    |Total              |                             |        0|1462|1274|    0|  9261| 1462|   189|        71638|
    +-------------------+-----------------------------+---------+----+----+-----+------+-----+------+-------------+

    * FIFO: 
    N/A

    * Expression: 
    +---------------------------+----------+-------+---+-----+------------+------------+
    |       Variable Name       | Operation| DSP48E| FF| LUT | Bitwidth P0| Bitwidth P1|
    +---------------------------+----------+-------+---+-----+------------+------------+
    |grp_fu_7173_p2             |     *    |      0|  0|   50|           9|           8|
    |grp_fu_7200_p2             |     *    |      0|  0|   50|           9|           8|
    |grp_fu_7218_p2             |     *    |      0|  0|   50|           9|           8|
    |grp_fu_7227_p2             |     *    |      0|  0|   50|           9|           8|
    |grp_fu_7254_p2             |     *    |      0|  0|   50|           9|           8|
    |grp_fu_7272_p2             |     *    |      0|  0|   50|           9|           8|
    |grp_fu_7290_p2             |     *    |      0|  0|   50|           9|           8|
    |grp_fu_7308_p2             |     *    |      0|  0|   50|           9|           8|
    |grp_fu_7326_p2             |     *    |      0|  0|   50|           9|           8|
    |grp_fu_7344_p2             |     *    |      0|  0|   50|           9|           8|
    |grp_fu_7362_p2             |     *    |      0|  0|   50|           9|           8|
    |grp_fu_7380_p2             |     *    |      0|  0|   50|           9|           8|
    |grp_fu_7398_p2             |     *    |      0|  0|   50|           9|           8|
    |grp_fu_7416_p2             |     *    |      0|  0|   50|           9|           8|
    |grp_fu_7434_p2             |     *    |      0|  0|   50|           9|           8|
    |grp_fu_7452_p2             |     *    |      0|  0|   50|           9|           8|
    |grp_fu_7470_p2             |     *    |      0|  0|   50|           9|           8|
    |grp_fu_7488_p2             |     *    |      0|  0|   50|           9|           8|
    |grp_fu_7497_p2             |     *    |      0|  0|   50|           9|           8|
    |grp_fu_7524_p2             |     *    |      0|  0|   50|           9|           8|
    |grp_fu_7542_p2             |     *    |      0|  0|   50|           9|           8|
    |grp_fu_7560_p2             |     *    |      0|  0|   50|           9|           8|
    |grp_fu_7578_p2             |     *    |      0|  0|   50|           9|           8|
    |grp_fu_7596_p2             |     *    |      0|  0|   50|           9|           8|
    |grp_fu_7605_p2             |     *    |      0|  0|   50|           9|           8|
    |grp_fu_7632_p2             |     *    |      0|  0|   50|           9|           8|
    |grp_fu_7650_p2             |     *    |      0|  0|   50|           9|           8|
    |grp_fu_7668_p2             |     *    |      0|  0|   50|           9|           8|
    |grp_fu_7677_p2             |     *    |      0|  0|   50|           9|           8|
    |grp_fu_7704_p2             |     *    |      0|  0|   50|           9|           8|
    |grp_fu_7722_p2             |     *    |      0|  0|   50|           9|           8|
    |grp_fu_7731_p2             |     *    |      0|  0|   50|           9|           8|
    |grp_fu_7758_p2             |     *    |      0|  0|   50|           9|           8|
    |grp_fu_7776_p2             |     *    |      0|  0|   50|           9|           8|
    |grp_fu_7794_p2             |     *    |      0|  0|   50|           9|           8|
    |grp_fu_7812_p2             |     *    |      0|  0|   50|           9|           8|
    |grp_fu_7830_p2             |     *    |      0|  0|   50|           9|           8|
    |grp_fu_7848_p2             |     *    |      0|  0|   50|           9|           8|
    |grp_fu_7866_p2             |     *    |      0|  0|   50|           9|           8|
    |grp_fu_7884_p2             |     *    |      0|  0|   50|           9|           7|
    |grp_fu_7902_p2             |     *    |      0|  0|   50|           9|           8|
    |grp_fu_7920_p2             |     *    |      0|  0|   50|           9|           8|
    |grp_fu_7938_p2             |     *    |      0|  0|   50|           9|           8|
    |grp_fu_7956_p2             |     *    |      0|  0|   50|           9|           8|
    |grp_fu_7974_p2             |     *    |      0|  0|   50|           9|           8|
    |grp_fu_7992_p2             |     *    |      0|  0|   50|           9|           8|
    |grp_fu_8010_p2             |     *    |      0|  0|   50|           9|           8|
    |grp_fu_8028_p2             |     *    |      0|  0|   50|           9|           8|
    |grp_fu_8046_p2             |     *    |      0|  0|   50|           9|           8|
    |grp_fu_8064_p2             |     *    |      0|  0|   50|           9|           8|
    |grp_fu_8082_p2             |     *    |      0|  0|   50|           9|           8|
    |grp_fu_8100_p2             |     *    |      0|  0|   50|           9|           8|
    |grp_fu_8118_p2             |     *    |      0|  0|   50|           9|           8|
    |grp_fu_8136_p2             |     *    |      0|  0|   50|           9|           8|
    |grp_fu_8154_p2             |     *    |      0|  0|   50|           9|           8|
    |grp_fu_8172_p2             |     *    |      0|  0|   50|           9|           8|
    |grp_fu_8181_p2             |     *    |      0|  0|   50|           9|           8|
    |grp_fu_8208_p2             |     *    |      0|  0|   50|           9|           8|
    |grp_fu_8226_p2             |     *    |      0|  0|   50|           9|           8|
    |grp_fu_8244_p2             |     *    |      0|  0|   50|           9|           8|
    |grp_fu_8262_p2             |     *    |      0|  0|   50|           9|           8|
    |grp_fu_8280_p2             |     *    |      0|  0|   50|           9|           7|
    |grp_fu_8298_p2             |     *    |      0|  0|   50|           9|           8|
    |add_ln215_32_fu_4320_p2    |     +    |      0|  0|   18|           3|           3|
    |add_ln215_33_fu_4303_p2    |     +    |      0|  0|   18|          14|          14|
    |add_ln215_fu_4314_p2       |     +    |      0|  0|   18|           3|           3|
    |add_ln255_fu_3892_p2       |     +    |      0|  0|   15|           6|           1|
    |add_ln258_1_fu_3837_p2     |     +    |      0|  0|   16|           9|           9|
    |add_ln258_2_fu_4051_p2     |     +    |      0|  0|   12|           3|           4|
    |add_ln258_3_fu_4061_p2     |     +    |      0|  0|   16|           9|           9|
    |add_ln258_4_fu_3926_p2     |     +    |      0|  0|   12|           3|           4|
    |add_ln258_5_fu_3936_p2     |     +    |      0|  0|   16|           9|           9|
    |add_ln258_fu_3827_p2       |     +    |      0|  0|   12|           4|           3|
    |add_ln261_fu_4086_p2       |     +    |      0|  0|   15|           7|           7|
    |empty_fu_4337_p2           |     +    |      0|  0|   15|           4|           7|
    |i_fu_3898_p2               |     +    |      0|  0|   11|           1|           3|
    |j_fu_4355_p2               |     +    |      0|  0|   11|           1|           3|
    |tmpout_0_V_fu_4737_p2      |     +    |      0|  0|   31|          24|          24|
    |tmpout_10_V_fu_4997_p2     |     +    |      0|  0|   31|          24|          24|
    |tmpout_11_V_fu_5023_p2     |     +    |      0|  0|   31|          24|          24|
    |tmpout_12_V_fu_5049_p2     |     +    |      0|  0|   31|          24|          24|
    |tmpout_14_V_fu_5075_p2     |     +    |      0|  0|   31|          24|          24|
    |tmpout_15_V_fu_5101_p2     |     +    |      0|  0|   31|          24|          24|
    |tmpout_16_V_fu_5127_p2     |     +    |      0|  0|   31|          24|          24|
    |tmpout_17_V_fu_5153_p2     |     +    |      0|  0|   31|          24|          24|
    |tmpout_18_V_fu_5179_p2     |     +    |      0|  0|   31|          24|          24|
    |tmpout_19_V_fu_5205_p2     |     +    |      0|  0|   31|          24|          24|
    |tmpout_1_V_fu_4763_p2      |     +    |      0|  0|   31|          24|          24|
    |tmpout_20_V_fu_5231_p2     |     +    |      0|  0|   31|          24|          24|
    |tmpout_21_V_fu_5257_p2     |     +    |      0|  0|   31|          24|          24|
    |tmpout_22_V_fu_5283_p2     |     +    |      0|  0|   31|          24|          24|
    |tmpout_23_V_fu_5309_p2     |     +    |      0|  0|   31|          24|          24|
    |tmpout_24_V_fu_5335_p2     |     +    |      0|  0|   31|          24|          24|
    |tmpout_25_V_fu_5361_p2     |     +    |      0|  0|   31|          24|          24|
    |tmpout_26_V_fu_5387_p2     |     +    |      0|  0|   31|          24|          24|
    |tmpout_27_V_fu_5413_p2     |     +    |      0|  0|   31|          24|          24|
    |tmpout_28_V_fu_5439_p2     |     +    |      0|  0|   31|          24|          24|
    |tmpout_29_V_fu_5465_p2     |     +    |      0|  0|   31|          24|          24|
    |tmpout_2_V_fu_4789_p2      |     +    |      0|  0|   31|          24|          24|
    |tmpout_30_V_fu_5491_p2     |     +    |      0|  0|   31|          24|          24|
    |tmpout_31_V_fu_5517_p2     |     +    |      0|  0|   31|          24|          24|
    |tmpout_32_V_fu_5543_p2     |     +    |      0|  0|   31|          24|          24|
    |tmpout_33_V_fu_5569_p2     |     +    |      0|  0|   31|          24|          24|
    |tmpout_34_V_fu_5595_p2     |     +    |      0|  0|   31|          24|          24|
    |tmpout_35_V_fu_5621_p2     |     +    |      0|  0|   31|          24|          24|
    |tmpout_36_V_fu_5647_p2     |     +    |      0|  0|   31|          24|          24|
    |tmpout_37_V_fu_5673_p2     |     +    |      0|  0|   31|          24|          24|
    |tmpout_38_V_fu_5699_p2     |     +    |      0|  0|   31|          24|          24|
    |tmpout_39_V_fu_5725_p2     |     +    |      0|  0|   31|          24|          24|
    |tmpout_3_V_fu_4815_p2      |     +    |      0|  0|   31|          24|          24|
    |tmpout_40_V_fu_5751_p2     |     +    |      0|  0|   31|          24|          24|
    |tmpout_41_V_fu_5777_p2     |     +    |      0|  0|   31|          24|          24|
    |tmpout_42_V_fu_5803_p2     |     +    |      0|  0|   31|          24|          24|
    |tmpout_43_V_fu_5829_p2     |     +    |      0|  0|   31|          24|          24|
    |tmpout_44_V_fu_5855_p2     |     +    |      0|  0|   31|          24|          24|
    |tmpout_45_V_fu_5881_p2     |     +    |      0|  0|   31|          24|          24|
    |tmpout_46_V_fu_5907_p2     |     +    |      0|  0|   31|          24|          24|
    |tmpout_47_V_fu_5933_p2     |     +    |      0|  0|   31|          24|          24|
    |tmpout_48_V_fu_5959_p2     |     +    |      0|  0|   31|          24|          24|
    |tmpout_49_V_fu_5985_p2     |     +    |      0|  0|   31|          24|          24|
    |tmpout_4_V_fu_4841_p2      |     +    |      0|  0|   31|          24|          24|
    |tmpout_50_V_fu_6011_p2     |     +    |      0|  0|   31|          24|          24|
    |tmpout_51_V_fu_6037_p2     |     +    |      0|  0|   31|          24|          24|
    |tmpout_52_V_fu_6063_p2     |     +    |      0|  0|   31|          24|          24|
    |tmpout_53_V_fu_6089_p2     |     +    |      0|  0|   31|          24|          24|
    |tmpout_54_V_fu_6115_p2     |     +    |      0|  0|   31|          24|          24|
    |tmpout_55_V_fu_6141_p2     |     +    |      0|  0|   31|          24|          24|
    |tmpout_56_V_fu_6167_p2     |     +    |      0|  0|   31|          24|          24|
    |tmpout_57_V_fu_6193_p2     |     +    |      0|  0|   31|          24|          24|
    |tmpout_58_V_fu_6219_p2     |     +    |      0|  0|   31|          24|          24|
    |tmpout_59_V_fu_6245_p2     |     +    |      0|  0|   31|          24|          24|
    |tmpout_5_V_fu_4867_p2      |     +    |      0|  0|   31|          24|          24|
    |tmpout_60_V_fu_6271_p2     |     +    |      0|  0|   31|          24|          24|
    |tmpout_61_V_fu_6297_p2     |     +    |      0|  0|   31|          24|          24|
    |tmpout_62_V_fu_6323_p2     |     +    |      0|  0|   31|          24|          24|
    |tmpout_63_V_fu_6349_p2     |     +    |      0|  0|   31|          24|          24|
    |tmpout_6_V_fu_4893_p2      |     +    |      0|  0|   31|          24|          24|
    |tmpout_7_V_fu_4919_p2      |     +    |      0|  0|   31|          24|          24|
    |tmpout_8_V_fu_4945_p2      |     +    |      0|  0|   31|          24|          24|
    |tmpout_9_V_fu_4971_p2      |     +    |      0|  0|   31|          24|          24|
    |sub_ln215_10_fu_4641_p2    |     -    |      0|  0|   15|           7|           7|
    |sub_ln215_11_fu_4647_p2    |     -    |      0|  0|   15|           7|           7|
    |sub_ln215_12_fu_4676_p2    |     -    |      0|  0|   15|           7|           7|
    |sub_ln215_1_fu_4390_p2     |     -    |      0|  0|   15|           7|           7|
    |sub_ln215_2_fu_4395_p2     |     -    |      0|  0|   15|           7|           7|
    |sub_ln215_3_fu_4401_p2     |     -    |      0|  0|   15|           7|           7|
    |sub_ln215_4_fu_4430_p2     |     -    |      0|  0|   15|           7|           7|
    |sub_ln215_5_fu_4511_p2     |     -    |      0|  0|   15|           7|           7|
    |sub_ln215_6_fu_4516_p2     |     -    |      0|  0|   15|           7|           7|
    |sub_ln215_7_fu_4522_p2     |     -    |      0|  0|   15|           7|           7|
    |sub_ln215_8_fu_4551_p2     |     -    |      0|  0|   15|           7|           7|
    |sub_ln215_9_fu_4636_p2     |     -    |      0|  0|   15|           7|           7|
    |sub_ln215_fu_3969_p2       |     -    |      0|  0|   18|          14|          14|
    |sub_ln261_1_fu_3987_p2     |     -    |      0|  0|   15|           7|           7|
    |sub_ln261_fu_3854_p2       |     -    |      0|  0|   15|           7|           7|
    |and_ln215_1_fu_4577_p2     |    and   |      0|  0|   72|          72|          72|
    |and_ln215_2_fu_4702_p2     |    and   |      0|  0|   72|          72|          72|
    |and_ln215_fu_4456_p2       |    and   |      0|  0|   72|          72|          72|
    |and_ln258_1_fu_3880_p2     |    and   |      0|  0|    2|           1|           1|
    |and_ln258_2_fu_4349_p2     |    and   |      0|  0|    2|           1|           1|
    |and_ln258_3_fu_4021_p2     |    and   |      0|  0|    2|           1|           1|
    |and_ln258_fu_4343_p2       |    and   |      0|  0|    2|           1|           1|
    |icmp_ln215_1_fu_4492_p2    |   icmp   |      0|  0|   11|           8|           8|
    |icmp_ln215_2_fu_4617_p2    |   icmp   |      0|  0|   11|           8|           8|
    |icmp_ln215_fu_4371_p2      |   icmp   |      0|  0|   11|           8|           8|
    |icmp_ln255_fu_3886_p2      |   icmp   |      0|  0|   11|           6|           5|
    |icmp_ln256_fu_3904_p2      |   icmp   |      0|  0|    9|           3|           2|
    |icmp_ln258_1_fu_4080_p2    |   icmp   |      0|  0|   13|           9|           8|
    |icmp_ln258_2_fu_4015_p2    |   icmp   |      0|  0|   13|           9|           8|
    |icmp_ln258_fu_3874_p2      |   icmp   |      0|  0|   13|           9|           8|
    |lshr_ln215_1_fu_4450_p2    |   lshr   |      0|  0|  215|           2|          72|
    |lshr_ln215_2_fu_4565_p2    |   lshr   |      0|  0|  215|          72|          72|
    |lshr_ln215_3_fu_4571_p2    |   lshr   |      0|  0|  215|           2|          72|
    |lshr_ln215_4_fu_4690_p2    |   lshr   |      0|  0|  215|          72|          72|
    |lshr_ln215_5_fu_4696_p2    |   lshr   |      0|  0|  215|           2|          72|
    |lshr_ln215_fu_4444_p2      |   lshr   |      0|  0|  215|          72|          72|
    |ap_block_state1            |    or    |      0|  0|    2|           1|           1|
    |select_ln215_1_fu_4414_p3  |  select  |      0|  0|   79|           1|          72|
    |select_ln215_2_fu_4422_p3  |  select  |      0|  0|    7|           1|           7|
    |select_ln215_3_fu_4527_p3  |  select  |      0|  0|    7|           1|           7|
    |select_ln215_4_fu_4535_p3  |  select  |      0|  0|   79|           1|          72|
    |select_ln215_5_fu_4543_p3  |  select  |      0|  0|    7|           1|           7|
    |select_ln215_6_fu_4652_p3  |  select  |      0|  0|    7|           1|           7|
    |select_ln215_7_fu_4660_p3  |  select  |      0|  0|   79|           1|          72|
    |select_ln215_8_fu_4668_p3  |  select  |      0|  0|    7|           1|           7|
    |select_ln215_fu_4406_p3    |  select  |      0|  0|    7|           1|           7|
    |select_ln255_1_fu_3941_p3  |  select  |      0|  0|    9|           1|           9|
    |select_ln255_2_fu_3993_p3  |  select  |      0|  0|    7|           1|           7|
    |select_ln255_3_fu_4027_p3  |  select  |      0|  0|    2|           1|           1|
    |select_ln255_4_fu_4035_p3  |  select  |      0|  0|    3|           1|           3|
    |select_ln255_fu_3910_p3    |  select  |      0|  0|    3|           1|           1|
    |tmpout_0_V_2_fu_6788_p3    |  select  |      0|  0|   24|           1|          24|
    |tmpout_10_V_2_fu_6718_p3   |  select  |      0|  0|   24|           1|          24|
    |tmpout_11_V_2_fu_6711_p3   |  select  |      0|  0|   24|           1|          24|
    |tmpout_12_V_2_fu_6704_p3   |  select  |      0|  0|   24|           1|          24|
    |tmpout_14_V_2_fu_6697_p3   |  select  |      0|  0|   24|           1|          24|
    |tmpout_15_V_2_fu_6690_p3   |  select  |      0|  0|   24|           1|          24|
    |tmpout_16_V_2_fu_6683_p3   |  select  |      0|  0|   24|           1|          24|
    |tmpout_17_V_2_fu_6676_p3   |  select  |      0|  0|   24|           1|          24|
    |tmpout_18_V_2_fu_6669_p3   |  select  |      0|  0|   24|           1|          24|
    |tmpout_19_V_2_fu_6662_p3   |  select  |      0|  0|   24|           1|          24|
    |tmpout_1_V_2_fu_6781_p3    |  select  |      0|  0|   24|           1|          24|
    |tmpout_20_V_2_fu_6655_p3   |  select  |      0|  0|   24|           1|          24|
    |tmpout_21_V_2_fu_6648_p3   |  select  |      0|  0|   24|           1|          24|
    |tmpout_22_V_2_fu_6641_p3   |  select  |      0|  0|   24|           1|          24|
    |tmpout_23_V_2_fu_6634_p3   |  select  |      0|  0|   24|           1|          24|
    |tmpout_24_V_2_fu_6627_p3   |  select  |      0|  0|   24|           1|          24|
    |tmpout_25_V_2_fu_6620_p3   |  select  |      0|  0|   24|           1|          24|
    |tmpout_26_V_2_fu_6613_p3   |  select  |      0|  0|   24|           1|          24|
    |tmpout_27_V_2_fu_6606_p3   |  select  |      0|  0|   24|           1|          24|
    |tmpout_28_V_2_fu_6599_p3   |  select  |      0|  0|   24|           1|          24|
    |tmpout_29_V_2_fu_6592_p3   |  select  |      0|  0|   24|           1|          24|
    |tmpout_2_V_2_fu_6774_p3    |  select  |      0|  0|   24|           1|          24|
    |tmpout_30_V_2_fu_6585_p3   |  select  |      0|  0|   24|           1|          24|
    |tmpout_31_V_2_fu_6578_p3   |  select  |      0|  0|   24|           1|          24|
    |tmpout_32_V_2_fu_6571_p3   |  select  |      0|  0|   24|           1|          24|
    |tmpout_33_V_2_fu_6564_p3   |  select  |      0|  0|   24|           1|          24|
    |tmpout_34_V_2_fu_6557_p3   |  select  |      0|  0|   24|           1|          24|
    |tmpout_35_V_2_fu_6550_p3   |  select  |      0|  0|   24|           1|          24|
    |tmpout_36_V_2_fu_6543_p3   |  select  |      0|  0|   24|           1|          24|
    |tmpout_37_V_2_fu_6536_p3   |  select  |      0|  0|   24|           1|          24|
    |tmpout_38_V_2_fu_6529_p3   |  select  |      0|  0|   24|           1|          24|
    |tmpout_39_V_2_fu_6522_p3   |  select  |      0|  0|   24|           1|          24|
    |tmpout_3_V_2_fu_6767_p3    |  select  |      0|  0|   24|           1|          24|
    |tmpout_40_V_2_fu_6515_p3   |  select  |      0|  0|   24|           1|          24|
    |tmpout_41_V_2_fu_6508_p3   |  select  |      0|  0|   24|           1|          24|
    |tmpout_42_V_2_fu_6501_p3   |  select  |      0|  0|   24|           1|          24|
    |tmpout_43_V_2_fu_6494_p3   |  select  |      0|  0|   24|           1|          24|
    |tmpout_44_V_2_fu_6487_p3   |  select  |      0|  0|   24|           1|          24|
    |tmpout_45_V_2_fu_6480_p3   |  select  |      0|  0|   24|           1|          24|
    |tmpout_46_V_2_fu_6473_p3   |  select  |      0|  0|   24|           1|          24|
    |tmpout_47_V_2_fu_6466_p3   |  select  |      0|  0|   24|           1|          24|
    |tmpout_48_V_2_fu_6459_p3   |  select  |      0|  0|   24|           1|          24|
    |tmpout_49_V_2_fu_6452_p3   |  select  |      0|  0|   24|           1|          24|
    |tmpout_4_V_2_fu_6760_p3    |  select  |      0|  0|   24|           1|          24|
    |tmpout_50_V_2_fu_6445_p3   |  select  |      0|  0|   24|           1|          24|
    |tmpout_51_V_2_fu_6438_p3   |  select  |      0|  0|   24|           1|          24|
    |tmpout_52_V_2_fu_6431_p3   |  select  |      0|  0|   24|           1|          24|
    |tmpout_53_V_2_fu_6424_p3   |  select  |      0|  0|   24|           1|          24|
    |tmpout_54_V_2_fu_6417_p3   |  select  |      0|  0|   24|           1|          24|
    |tmpout_55_V_2_fu_6410_p3   |  select  |      0|  0|   24|           1|          24|
    |tmpout_56_V_2_fu_6403_p3   |  select  |      0|  0|   24|           1|          24|
    |tmpout_57_V_2_fu_6396_p3   |  select  |      0|  0|   24|           1|          24|
    |tmpout_58_V_2_fu_6389_p3   |  select  |      0|  0|   24|           1|          24|
    |tmpout_59_V_2_fu_6382_p3   |  select  |      0|  0|   24|           1|          24|
    |tmpout_5_V_2_fu_6753_p3    |  select  |      0|  0|   24|           1|          24|
    |tmpout_60_V_2_fu_6375_p3   |  select  |      0|  0|   24|           1|          24|
    |tmpout_61_V_2_fu_6368_p3   |  select  |      0|  0|   24|           1|          24|
    |tmpout_62_V_2_fu_6361_p3   |  select  |      0|  0|   24|           1|          24|
    |tmpout_63_V_2_fu_6354_p3   |  select  |      0|  0|   24|           1|          24|
    |tmpout_6_V_2_fu_6746_p3    |  select  |      0|  0|   24|           1|          24|
    |tmpout_7_V_2_fu_6739_p3    |  select  |      0|  0|   24|           1|          24|
    |tmpout_8_V_2_fu_6732_p3    |  select  |      0|  0|   24|           1|          24|
    |tmpout_9_V_2_fu_6725_p3    |  select  |      0|  0|   24|           1|          24|
    |ap_enable_pp0              |    xor   |      0|  0|    2|           1|           2|
    |ap_enable_reg_pp0_iter1    |    xor   |      0|  0|    2|           2|           1|
    |xor_ln258_1_fu_4009_p2     |    xor   |      0|  0|    2|           1|           2|
    |xor_ln258_2_fu_4074_p2     |    xor   |      0|  0|    2|           1|           2|
    |xor_ln258_fu_3868_p2       |    xor   |      0|  0|    2|           1|           2|
    +---------------------------+----------+-------+---+-----+------------+------------+
    |Total                      |          |      0|  0| 8969|        2853|        4713|
    +---------------------------+----------+-------+---+-----+------------+------------+

    * Multiplexer: 
    +-------------------------+----+-----------+-----+-----------+
    |           Name          | LUT| Input Size| Bits| Total Bits|
    +-------------------------+----+-----------+-----+-----------+
    |ap_NS_fsm                |  21|          4|    1|          4|
    |ap_done                  |   9|          2|    1|          2|
    |ap_enable_reg_pp0_iter1  |  15|          3|    1|          3|
    |col_assign_out_blk_n     |   9|          2|    1|          2|
    |i_0_i_i_i_i_reg_3005     |   9|          2|    3|          6|
    |indvar_flatten_reg_2994  |   9|          2|    6|         12|
    |j_0_i_i_i_i_reg_3772     |   9|          2|    3|          6|
    |row_assign_out_blk_n     |   9|          2|    1|          2|
    |tmpout_0_V_1_reg_3760    |   9|          2|   24|         48|
    |tmpout_10_V_1_reg_3640   |   9|          2|   24|         48|
    |tmpout_11_V_1_reg_3628   |   9|          2|   24|         48|
    |tmpout_12_V_1_reg_3616   |   9|          2|   24|         48|
    |tmpout_14_V_1_reg_3604   |   9|          2|   24|         48|
    |tmpout_15_V_1_reg_3592   |   9|          2|   24|         48|
    |tmpout_16_V_1_reg_3580   |   9|          2|   24|         48|
    |tmpout_17_V_1_reg_3568   |   9|          2|   24|         48|
    |tmpout_18_V_1_reg_3556   |   9|          2|   24|         48|
    |tmpout_19_V_1_reg_3544   |   9|          2|   24|         48|
    |tmpout_1_V_1_reg_3748    |   9|          2|   24|         48|
    |tmpout_20_V_1_reg_3532   |   9|          2|   24|         48|
    |tmpout_21_V_1_reg_3520   |   9|          2|   24|         48|
    |tmpout_22_V_1_reg_3508   |   9|          2|   24|         48|
    |tmpout_23_V_1_reg_3496   |   9|          2|   24|         48|
    |tmpout_24_V_1_reg_3484   |   9|          2|   24|         48|
    |tmpout_25_V_1_reg_3472   |   9|          2|   24|         48|
    |tmpout_26_V_1_reg_3460   |   9|          2|   24|         48|
    |tmpout_27_V_1_reg_3448   |   9|          2|   24|         48|
    |tmpout_28_V_1_reg_3436   |   9|          2|   24|         48|
    |tmpout_29_V_1_reg_3424   |   9|          2|   24|         48|
    |tmpout_2_V_1_reg_3736    |   9|          2|   24|         48|
    |tmpout_30_V_1_reg_3412   |   9|          2|   24|         48|
    |tmpout_31_V_1_reg_3400   |   9|          2|   24|         48|
    |tmpout_32_V_1_reg_3388   |   9|          2|   24|         48|
    |tmpout_33_V_1_reg_3376   |   9|          2|   24|         48|
    |tmpout_34_V_1_reg_3364   |   9|          2|   24|         48|
    |tmpout_35_V_1_reg_3352   |   9|          2|   24|         48|
    |tmpout_36_V_1_reg_3340   |   9|          2|   24|         48|
    |tmpout_37_V_1_reg_3328   |   9|          2|   24|         48|
    |tmpout_38_V_1_reg_3316   |   9|          2|   24|         48|
    |tmpout_39_V_1_reg_3304   |   9|          2|   24|         48|
    |tmpout_3_V_1_reg_3724    |   9|          2|   24|         48|
    |tmpout_40_V_1_reg_3292   |   9|          2|   24|         48|
    |tmpout_41_V_1_reg_3280   |   9|          2|   24|         48|
    |tmpout_42_V_1_reg_3268   |   9|          2|   24|         48|
    |tmpout_43_V_1_reg_3256   |   9|          2|   24|         48|
    |tmpout_44_V_1_reg_3244   |   9|          2|   24|         48|
    |tmpout_45_V_1_reg_3232   |   9|          2|   24|         48|
    |tmpout_46_V_1_reg_3220   |   9|          2|   24|         48|
    |tmpout_47_V_1_reg_3208   |   9|          2|   24|         48|
    |tmpout_48_V_1_reg_3196   |   9|          2|   24|         48|
    |tmpout_49_V_1_reg_3184   |   9|          2|   24|         48|
    |tmpout_4_V_1_reg_3712    |   9|          2|   24|         48|
    |tmpout_50_V_1_reg_3172   |   9|          2|   24|         48|
    |tmpout_51_V_1_reg_3160   |   9|          2|   24|         48|
    |tmpout_52_V_1_reg_3148   |   9|          2|   24|         48|
    |tmpout_53_V_1_reg_3136   |   9|          2|   24|         48|
    |tmpout_54_V_1_reg_3124   |   9|          2|   24|         48|
    |tmpout_55_V_1_reg_3112   |   9|          2|   24|         48|
    |tmpout_56_V_1_reg_3100   |   9|          2|   24|         48|
    |tmpout_57_V_1_reg_3088   |   9|          2|   24|         48|
    |tmpout_58_V_1_reg_3076   |   9|          2|   24|         48|
    |tmpout_59_V_1_reg_3064   |   9|          2|   24|         48|
    |tmpout_5_V_1_reg_3700    |   9|          2|   24|         48|
    |tmpout_60_V_1_reg_3052   |   9|          2|   24|         48|
    |tmpout_61_V_1_reg_3040   |   9|          2|   24|         48|
    |tmpout_62_V_1_reg_3028   |   9|          2|   24|         48|
    |tmpout_63_V_1_reg_3016   |   9|          2|   24|         48|
    |tmpout_6_V_1_reg_3688    |   9|          2|   24|         48|
    |tmpout_7_V_1_reg_3676    |   9|          2|   24|         48|
    |tmpout_8_V_1_reg_3664    |   9|          2|   24|         48|
    |tmpout_9_V_1_reg_3652    |   9|          2|   24|         48|
    +-------------------------+----+-----------+-----+-----------+
    |Total                    | 657|        145| 1529|       3061|
    +-------------------------+----+-----------+-----+-----------+

    * Register: 
    +-------------------------+----+----+-----+-----------+
    |           Name          | FF | LUT| Bits| Const Bits|
    +-------------------------+----+----+-----+-----------+
    |and_ln258_2_reg_9306     |   1|   0|    1|          0|
    |ap_CS_fsm                |   3|   0|    3|          0|
    |ap_done_reg              |   1|   0|    1|          0|
    |ap_enable_reg_pp0_iter0  |   1|   0|    1|          0|
    |ap_enable_reg_pp0_iter1  |   1|   0|    1|          0|
    |empty_reg_8350           |   7|   0|    7|          0|
    |i_0_i_i_i_i_reg_3005     |   3|   0|    3|          0|
    |icmp_ln255_reg_8323      |   1|   0|    1|          0|
    |indvar_flatten_reg_2994  |   6|   0|    6|          0|
    |j_0_i_i_i_i_reg_3772     |   3|   0|    3|          0|
    |tmp_reg_8342             |   6|   0|    6|          0|
    |tmpout_0_V_1_reg_3760    |  24|   0|   24|          0|
    |tmpout_10_V_1_reg_3640   |  24|   0|   24|          0|
    |tmpout_11_V_1_reg_3628   |  24|   0|   24|          0|
    |tmpout_12_V_1_reg_3616   |  24|   0|   24|          0|
    |tmpout_14_V_1_reg_3604   |  24|   0|   24|          0|
    |tmpout_15_V_1_reg_3592   |  24|   0|   24|          0|
    |tmpout_16_V_1_reg_3580   |  24|   0|   24|          0|
    |tmpout_17_V_1_reg_3568   |  24|   0|   24|          0|
    |tmpout_18_V_1_reg_3556   |  24|   0|   24|          0|
    |tmpout_19_V_1_reg_3544   |  24|   0|   24|          0|
    |tmpout_1_V_1_reg_3748    |  24|   0|   24|          0|
    |tmpout_20_V_1_reg_3532   |  24|   0|   24|          0|
    |tmpout_21_V_1_reg_3520   |  24|   0|   24|          0|
    |tmpout_22_V_1_reg_3508   |  24|   0|   24|          0|
    |tmpout_23_V_1_reg_3496   |  24|   0|   24|          0|
    |tmpout_24_V_1_reg_3484   |  24|   0|   24|          0|
    |tmpout_25_V_1_reg_3472   |  24|   0|   24|          0|
    |tmpout_26_V_1_reg_3460   |  24|   0|   24|          0|
    |tmpout_27_V_1_reg_3448   |  24|   0|   24|          0|
    |tmpout_28_V_1_reg_3436   |  24|   0|   24|          0|
    |tmpout_29_V_1_reg_3424   |  24|   0|   24|          0|
    |tmpout_2_V_1_reg_3736    |  24|   0|   24|          0|
    |tmpout_30_V_1_reg_3412   |  24|   0|   24|          0|
    |tmpout_31_V_1_reg_3400   |  24|   0|   24|          0|
    |tmpout_32_V_1_reg_3388   |  24|   0|   24|          0|
    |tmpout_33_V_1_reg_3376   |  24|   0|   24|          0|
    |tmpout_34_V_1_reg_3364   |  24|   0|   24|          0|
    |tmpout_35_V_1_reg_3352   |  24|   0|   24|          0|
    |tmpout_36_V_1_reg_3340   |  24|   0|   24|          0|
    |tmpout_37_V_1_reg_3328   |  24|   0|   24|          0|
    |tmpout_38_V_1_reg_3316   |  24|   0|   24|          0|
    |tmpout_39_V_1_reg_3304   |  24|   0|   24|          0|
    |tmpout_3_V_1_reg_3724    |  24|   0|   24|          0|
    |tmpout_40_V_1_reg_3292   |  24|   0|   24|          0|
    |tmpout_41_V_1_reg_3280   |  24|   0|   24|          0|
    |tmpout_42_V_1_reg_3268   |  24|   0|   24|          0|
    |tmpout_43_V_1_reg_3256   |  24|   0|   24|          0|
    |tmpout_44_V_1_reg_3244   |  24|   0|   24|          0|
    |tmpout_45_V_1_reg_3232   |  24|   0|   24|          0|
    |tmpout_46_V_1_reg_3220   |  24|   0|   24|          0|
    |tmpout_47_V_1_reg_3208   |  24|   0|   24|          0|
    |tmpout_48_V_1_reg_3196   |  24|   0|   24|          0|
    |tmpout_49_V_1_reg_3184   |  24|   0|   24|          0|
    |tmpout_4_V_1_reg_3712    |  24|   0|   24|          0|
    |tmpout_50_V_1_reg_3172   |  24|   0|   24|          0|
    |tmpout_51_V_1_reg_3160   |  24|   0|   24|          0|
    |tmpout_52_V_1_reg_3148   |  24|   0|   24|          0|
    |tmpout_53_V_1_reg_3136   |  24|   0|   24|          0|
    |tmpout_54_V_1_reg_3124   |  24|   0|   24|          0|
    |tmpout_55_V_1_reg_3112   |  24|   0|   24|          0|
    |tmpout_56_V_1_reg_3100   |  24|   0|   24|          0|
    |tmpout_57_V_1_reg_3088   |  24|   0|   24|          0|
    |tmpout_58_V_1_reg_3076   |  24|   0|   24|          0|
    |tmpout_59_V_1_reg_3064   |  24|   0|   24|          0|
    |tmpout_5_V_1_reg_3700    |  24|   0|   24|          0|
    |tmpout_60_V_1_reg_3052   |  24|   0|   24|          0|
    |tmpout_61_V_1_reg_3040   |  24|   0|   24|          0|
    |tmpout_62_V_1_reg_3028   |  24|   0|   24|          0|
    |tmpout_63_V_1_reg_3016   |  24|   0|   24|          0|
    |tmpout_6_V_1_reg_3688    |  24|   0|   24|          0|
    |tmpout_7_V_1_reg_3676    |  24|   0|   24|          0|
    |tmpout_8_V_1_reg_3664    |  24|   0|   24|          0|
    |tmpout_9_V_1_reg_3652    |  24|   0|   24|          0|
    |trunc_ln_reg_8318        |   2|   0|    3|          1|
    |zext_ln258_1_reg_8313    |   7|   0|    9|          2|
    |zext_ln258_reg_8307      |   7|   0|    9|          2|
    +-------------------------+----+----+-----+-----------+
    |Total                    |1561|   0| 1566|          5|
    +-------------------------+----+----+-----+-----------+



================================================================
== Interface
================================================================
* Summary: 
+-----------------------+-----+-----+------------+----------------+--------------+
|       RTL Ports       | Dir | Bits|  Protocol  |  Source Object |    C Type    |
+-----------------------+-----+-----+------------+----------------+--------------+
|ap_clk                 |  in |    1| ap_ctrl_hs |   Loop_0_proc  | return value |
|ap_rst                 |  in |    1| ap_ctrl_hs |   Loop_0_proc  | return value |
|ap_start               |  in |    1| ap_ctrl_hs |   Loop_0_proc  | return value |
|ap_done                | out |    1| ap_ctrl_hs |   Loop_0_proc  | return value |
|ap_continue            |  in |    1| ap_ctrl_hs |   Loop_0_proc  | return value |
|ap_idle                | out |    1| ap_ctrl_hs |   Loop_0_proc  | return value |
|ap_ready               | out |    1| ap_ctrl_hs |   Loop_0_proc  | return value |
|ap_return_0            | out |   24| ap_ctrl_hs |   Loop_0_proc  | return value |
|ap_return_1            | out |   24| ap_ctrl_hs |   Loop_0_proc  | return value |
|ap_return_2            | out |   24| ap_ctrl_hs |   Loop_0_proc  | return value |
|ap_return_3            | out |   24| ap_ctrl_hs |   Loop_0_proc  | return value |
|ap_return_4            | out |   24| ap_ctrl_hs |   Loop_0_proc  | return value |
|ap_return_5            | out |   24| ap_ctrl_hs |   Loop_0_proc  | return value |
|ap_return_6            | out |   24| ap_ctrl_hs |   Loop_0_proc  | return value |
|ap_return_7            | out |   24| ap_ctrl_hs |   Loop_0_proc  | return value |
|ap_return_8            | out |   24| ap_ctrl_hs |   Loop_0_proc  | return value |
|ap_return_9            | out |   24| ap_ctrl_hs |   Loop_0_proc  | return value |
|ap_return_10           | out |   24| ap_ctrl_hs |   Loop_0_proc  | return value |
|ap_return_11           | out |   24| ap_ctrl_hs |   Loop_0_proc  | return value |
|ap_return_12           | out |   24| ap_ctrl_hs |   Loop_0_proc  | return value |
|ap_return_13           | out |   24| ap_ctrl_hs |   Loop_0_proc  | return value |
|ap_return_14           | out |   24| ap_ctrl_hs |   Loop_0_proc  | return value |
|ap_return_15           | out |   24| ap_ctrl_hs |   Loop_0_proc  | return value |
|ap_return_16           | out |   24| ap_ctrl_hs |   Loop_0_proc  | return value |
|ap_return_17           | out |   24| ap_ctrl_hs |   Loop_0_proc  | return value |
|ap_return_18           | out |   24| ap_ctrl_hs |   Loop_0_proc  | return value |
|ap_return_19           | out |   24| ap_ctrl_hs |   Loop_0_proc  | return value |
|ap_return_20           | out |   24| ap_ctrl_hs |   Loop_0_proc  | return value |
|ap_return_21           | out |   24| ap_ctrl_hs |   Loop_0_proc  | return value |
|ap_return_22           | out |   24| ap_ctrl_hs |   Loop_0_proc  | return value |
|ap_return_23           | out |   24| ap_ctrl_hs |   Loop_0_proc  | return value |
|ap_return_24           | out |   24| ap_ctrl_hs |   Loop_0_proc  | return value |
|ap_return_25           | out |   24| ap_ctrl_hs |   Loop_0_proc  | return value |
|ap_return_26           | out |   24| ap_ctrl_hs |   Loop_0_proc  | return value |
|ap_return_27           | out |   24| ap_ctrl_hs |   Loop_0_proc  | return value |
|ap_return_28           | out |   24| ap_ctrl_hs |   Loop_0_proc  | return value |
|ap_return_29           | out |   24| ap_ctrl_hs |   Loop_0_proc  | return value |
|ap_return_30           | out |   24| ap_ctrl_hs |   Loop_0_proc  | return value |
|ap_return_31           | out |   24| ap_ctrl_hs |   Loop_0_proc  | return value |
|ap_return_32           | out |   24| ap_ctrl_hs |   Loop_0_proc  | return value |
|ap_return_33           | out |   24| ap_ctrl_hs |   Loop_0_proc  | return value |
|ap_return_34           | out |   24| ap_ctrl_hs |   Loop_0_proc  | return value |
|ap_return_35           | out |   24| ap_ctrl_hs |   Loop_0_proc  | return value |
|ap_return_36           | out |   24| ap_ctrl_hs |   Loop_0_proc  | return value |
|ap_return_37           | out |   24| ap_ctrl_hs |   Loop_0_proc  | return value |
|ap_return_38           | out |   24| ap_ctrl_hs |   Loop_0_proc  | return value |
|ap_return_39           | out |   24| ap_ctrl_hs |   Loop_0_proc  | return value |
|ap_return_40           | out |   24| ap_ctrl_hs |   Loop_0_proc  | return value |
|ap_return_41           | out |   24| ap_ctrl_hs |   Loop_0_proc  | return value |
|ap_return_42           | out |   24| ap_ctrl_hs |   Loop_0_proc  | return value |
|ap_return_43           | out |   24| ap_ctrl_hs |   Loop_0_proc  | return value |
|ap_return_44           | out |   24| ap_ctrl_hs |   Loop_0_proc  | return value |
|ap_return_45           | out |   24| ap_ctrl_hs |   Loop_0_proc  | return value |
|ap_return_46           | out |   24| ap_ctrl_hs |   Loop_0_proc  | return value |
|ap_return_47           | out |   24| ap_ctrl_hs |   Loop_0_proc  | return value |
|ap_return_48           | out |   24| ap_ctrl_hs |   Loop_0_proc  | return value |
|ap_return_49           | out |   24| ap_ctrl_hs |   Loop_0_proc  | return value |
|ap_return_50           | out |   24| ap_ctrl_hs |   Loop_0_proc  | return value |
|ap_return_51           | out |   24| ap_ctrl_hs |   Loop_0_proc  | return value |
|ap_return_52           | out |   24| ap_ctrl_hs |   Loop_0_proc  | return value |
|ap_return_53           | out |   24| ap_ctrl_hs |   Loop_0_proc  | return value |
|ap_return_54           | out |   24| ap_ctrl_hs |   Loop_0_proc  | return value |
|ap_return_55           | out |   24| ap_ctrl_hs |   Loop_0_proc  | return value |
|ap_return_56           | out |   24| ap_ctrl_hs |   Loop_0_proc  | return value |
|ap_return_57           | out |   24| ap_ctrl_hs |   Loop_0_proc  | return value |
|ap_return_58           | out |   24| ap_ctrl_hs |   Loop_0_proc  | return value |
|ap_return_59           | out |   24| ap_ctrl_hs |   Loop_0_proc  | return value |
|ap_return_60           | out |   24| ap_ctrl_hs |   Loop_0_proc  | return value |
|ap_return_61           | out |   24| ap_ctrl_hs |   Loop_0_proc  | return value |
|ap_return_62           | out |   24| ap_ctrl_hs |   Loop_0_proc  | return value |
|row_assign             |  in |    7|   ap_none  |   row_assign   |    scalar    |
|col_assign             |  in |    7|   ap_none  |   col_assign   |    scalar    |
|input_V_address0       | out |   13|  ap_stable |     input_V    |     array    |
|input_V_ce0            | out |    1|  ap_stable |     input_V    |     array    |
|input_V_q0             |  in |  216|  ap_stable |     input_V    |     array    |
|row_assign_out_din     | out |    7|   ap_fifo  | row_assign_out |    pointer   |
|row_assign_out_full_n  |  in |    1|   ap_fifo  | row_assign_out |    pointer   |
|row_assign_out_write   | out |    1|   ap_fifo  | row_assign_out |    pointer   |
|col_assign_out_din     | out |    7|   ap_fifo  | col_assign_out |    pointer   |
|col_assign_out_full_n  |  in |    1|   ap_fifo  | col_assign_out |    pointer   |
|col_assign_out_write   | out |    1|   ap_fifo  | col_assign_out |    pointer   |
+-----------------------+-----+-----+------------+----------------+--------------+

